// Jest Snapshot v1, https://goo.gl/fbAQLP

exports[`CalendarScreen immediately renders loading screen 1`] = `
<View
  style={
    Object {
      "alignItems": "center",
      "flex": 1,
      "justifyContent": "center",
    }
  }
>
  <ActivityIndicator
    animating={true}
    color="#6200ee"
    hidesWhenStopped={true}
    size="large"
  />
</View>
`;

exports[`CalendarScreen renders zero lanes correctly 1`] = `
<View
  style={
    Object {
      "alignItems": "center",
      "flex": 1,
      "justifyContent": "center",
    }
  }
>
  <Modal
    animationType="slide"
    hardwareAccelerated={false}
    onRequestClose={[Function]}
    transparent={true}
    visible={false}
  >
    <View
      style={
        Object {
          "alignItems": "center",
          "backgroundColor": "#ffffffbb",
          "flex": 1,
          "justifyContent": "center",
        }
      }
    >
      <View
        style={
          Object {
            "alignItems": "center",
            "backgroundColor": "#ffffff",
            "elevation": 4,
            "justifyContent": "center",
            "margin": 12,
            "shadowColor": "#000000",
            "shadowOffset": Object {
              "height": 3,
              "width": 0,
            },
            "shadowOpacity": 0.24,
            "shadowRadius": 4,
          }
        }
      >
        <View
          style={
            Object {
              "flexDirection": "row",
            }
          }
        >
          <View
            style={
              Array [
                Object {
                  "backgroundColor": "rgb(231, 231, 231)",
                  "borderTopLeftRadius": 4,
                  "borderTopRightRadius": 4,
                },
                Object {
                  "flex": 1,
                },
              ]
            }
          >
            <View
              style={
                Object {
                  "backgroundColor": "rgba(0, 0, 0, 0.26)",
                  "bottom": 0,
                  "height": 2,
                  "left": 0,
                  "position": "absolute",
                  "right": 0,
                  "transform": Array [
                    Object {
                      "scaleY": 0.5,
                    },
                  ],
                }
              }
            />
            <View
              pointerEvents="none"
              style={
                Array [
                  Object {
                    "bottom": 0,
                    "left": 0,
                    "position": "absolute",
                    "right": 0,
                    "top": 0,
                  },
                  Object {
                    "opacity": 1,
                  },
                ]
              }
            >
              <Text
                numberOfLines={1}
                onLayout={[Function]}
                style={
                  Array [
                    Object {
                      "color": "#000000",
                      "fontFamily": "Helvetica Neue",
                      "textAlign": "left",
                      "writingDirection": "ltr",
                    },
                    Object {
                      "color": "#6200ee",
                      "fontFamily": "Helvetica Neue",
                      "fontSize": 16,
                      "left": 0,
                      "opacity": 0,
                      "paddingHorizontal": 12,
                      "position": "absolute",
                      "top": 19,
                      "transform": Array [
                        Object {
                          "translateX": 0,
                        },
                        Object {
                          "translateY": 0,
                        },
                        Object {
                          "scale": 1,
                        },
                        Object {
                          "translateX": 0,
                        },
                      ],
                    },
                  ]
                }
              >
                Add email
              </Text>
              <Text
                numberOfLines={1}
                style={
                  Array [
                    Object {
                      "color": "#000000",
                      "fontFamily": "Helvetica Neue",
                      "textAlign": "left",
                      "writingDirection": "ltr",
                    },
                    Object {
                      "color": "rgba(0, 0, 0, 0.54)",
                      "fontFamily": "Helvetica Neue",
                      "fontSize": 16,
                      "left": 0,
                      "opacity": 1,
                      "paddingHorizontal": 12,
                      "position": "absolute",
                      "top": 19,
                      "transform": Array [
                        Object {
                          "translateX": 0,
                        },
                        Object {
                          "translateY": 0,
                        },
                        Object {
                          "scale": 1,
                        },
                        Object {
                          "translateX": 0,
                        },
                      ],
                    },
                  ]
                }
              >
                Add email
              </Text>
            </View>
            <TextInput
              allowFontScaling={true}
              editable={true}
              multiline={false}
              onBlur={[Function]}
              onChangeText={[Function]}
              onFocus={[Function]}
              placeholder=""
              placeholderTextColor="rgba(0, 0, 0, 0.54)"
              selectionColor="#6200ee"
              style={
                Array [
                  Object {
                    "flexGrow": 1,
                    "fontSize": 16,
                    "margin": 0,
                    "minHeight": 58,
                    "paddingHorizontal": 12,
                    "textAlign": "left",
                    "zIndex": 1,
                  },
                  Object {
                    "paddingBottom": 6,
                    "paddingTop": 24,
                  },
                  Object {
                    "color": "#000000",
                    "fontFamily": "Helvetica Neue",
                    "textAlignVertical": "center",
                  },
                ]
              }
              underlineColorAndroid="transparent"
              value=""
            />
          </View>
        </View>
        <View
          style={
            Object {
              "flexDirection": "row",
            }
          }
        >
          <View
            style={
              Object {
                "flex": 0.6,
              }
            }
          />
          <View
            style={
              Object {
                "backgroundColor": "transparent",
                "borderColor": "transparent",
                "borderRadius": 4,
                "borderStyle": "solid",
                "borderWidth": 0,
                "elevation": 0,
                "flex": 0.2,
                "minWidth": 64,
                "shadowColor": "#000000",
                "shadowOffset": Object {
                  "height": 0,
                  "width": 0,
                },
                "shadowOpacity": 0.24,
                "shadowRadius": 0,
              }
            }
          >
            <View
              accessibilityRole="button"
              accessible={true}
              isTVSelectable={true}
              onResponderGrant={[Function]}
              onResponderMove={[Function]}
              onResponderRelease={[Function]}
              onResponderTerminate={[Function]}
              onResponderTerminationRequest={[Function]}
              onStartShouldSetResponder={[Function]}
              style={
                Array [
                  Object {
                    "overflow": "hidden",
                  },
                  Object {
                    "borderRadius": 4,
                  },
                ]
              }
            >
              <View
                style={
                  Array [
                    Object {
                      "alignItems": "center",
                      "flexDirection": "row",
                      "justifyContent": "center",
                    },
                    undefined,
                  ]
                }
              >
                <Text
                  numberOfLines={1}
                  style={
                    Array [
                      Object {
                        "color": "#000000",
                        "fontFamily": "Helvetica Neue",
                        "textAlign": "left",
                        "writingDirection": "ltr",
                      },
                      Array [
                        Object {
                          "letterSpacing": 1,
                          "marginHorizontal": 16,
                          "marginVertical": 9,
                          "textAlign": "center",
                        },
                        undefined,
                        Object {
                          "color": "#6200ee",
                          "fontFamily": "HelveticaNeue-Medium",
                        },
                        Object {
                          "fontFamily": "HelveticaNeue-Medium",
                        },
                      ],
                    ]
                  }
                >
                  CANCEL
                </Text>
              </View>
            </View>
          </View>
          <View
            style={
              Object {
                "backgroundColor": "transparent",
                "borderColor": "transparent",
                "borderRadius": 4,
                "borderStyle": "solid",
                "borderWidth": 0,
                "elevation": 0,
                "flex": 0.2,
                "minWidth": 64,
                "shadowColor": "#000000",
                "shadowOffset": Object {
                  "height": 0,
                  "width": 0,
                },
                "shadowOpacity": 0.24,
                "shadowRadius": 0,
              }
            }
          >
            <View
              accessibilityRole="button"
              accessible={true}
              isTVSelectable={true}
              onResponderGrant={[Function]}
              onResponderMove={[Function]}
              onResponderRelease={[Function]}
              onResponderTerminate={[Function]}
              onResponderTerminationRequest={[Function]}
              onStartShouldSetResponder={[Function]}
              style={
                Array [
                  Object {
                    "overflow": "hidden",
                  },
                  Object {
                    "borderRadius": 4,
                  },
                ]
              }
            >
              <View
                style={
                  Array [
                    Object {
                      "alignItems": "center",
                      "flexDirection": "row",
                      "justifyContent": "center",
                    },
                    undefined,
                  ]
                }
              >
                <Text
                  numberOfLines={1}
                  style={
                    Array [
                      Object {
                        "color": "#000000",
                        "fontFamily": "Helvetica Neue",
                        "textAlign": "left",
                        "writingDirection": "ltr",
                      },
                      Array [
                        Object {
                          "letterSpacing": 1,
                          "marginHorizontal": 16,
                          "marginVertical": 9,
                          "textAlign": "center",
                        },
                        undefined,
                        Object {
                          "color": "#6200ee",
                          "fontFamily": "HelveticaNeue-Medium",
                        },
                        Object {
                          "fontFamily": "HelveticaNeue-Medium",
                        },
                      ],
                    ]
                  }
                >
                  SEND
                </Text>
              </View>
            </View>
          </View>
        </View>
      </View>
    </View>
  </Modal>
  <View
    style={
      Object {
        "height": 360,
        "left": 0,
        "position": "absolute",
        "right": 0,
        "top": 0,
        "transform": Array [
          Object {
            "translateY": 0,
          },
        ],
      }
    }
  />
  <View
    pointerEvents="auto"
    style={
      Object {
        "backgroundColor": "#03dac4",
        "borderRadius": 28,
        "bottom": 0,
        "elevation": 6,
        "margin": 16,
        "opacity": 1,
        "position": "absolute",
        "right": 0,
        "shadowColor": "#000000",
        "shadowOffset": Object {
          "height": 5,
          "width": 0,
        },
        "shadowOpacity": 0.24,
        "shadowRadius": 6,
        "transform": Array [
          Object {
            "scale": 1,
          },
        ],
      }
    }
  >
    <View
      accessibilityRole="button"
      accessible={true}
      isTVSelectable={true}
      onResponderGrant={[Function]}
      onResponderMove={[Function]}
      onResponderRelease={[Function]}
      onResponderTerminate={[Function]}
      onResponderTerminationRequest={[Function]}
      onStartShouldSetResponder={[Function]}
      style={
        Array [
          Object {
            "overflow": "hidden",
          },
          Object {
            "borderRadius": 28,
          },
        ]
      }
    >
      <View
        pointerEvents="none"
        style={
          Array [
            Object {
              "alignItems": "center",
              "flexDirection": "row",
              "justifyContent": "center",
            },
            Object {
              "height": 56,
              "width": 56,
            },
          ]
        }
      >
        <View
          style={
            Array [
              Object {
                "alignItems": "center",
                "justifyContent": "center",
              },
              Object {
                "height": 24,
                "width": 24,
              },
            ]
          }
        >
          <View
            style={
              Object {
                "bottom": 0,
                "left": 0,
                "opacity": 1,
                "position": "absolute",
                "right": 0,
                "top": 0,
                "transform": Array [
                  Object {
                    "rotate": "0deg",
                  },
                ],
              }
            }
          >
            <Text />
          </View>
        </View>
      </View>
    </View>
  </View>
  <View
    pointerEvents="auto"
    style={
      Object {
        "backgroundColor": "#03dac4",
        "borderRadius": 28,
        "bottom": 0,
        "elevation": 6,
        "left": 0,
        "margin": 16,
        "opacity": 1,
        "position": "absolute",
        "shadowColor": "#000000",
        "shadowOffset": Object {
          "height": 5,
          "width": 0,
        },
        "shadowOpacity": 0.24,
        "shadowRadius": 6,
        "transform": Array [
          Object {
            "scale": 1,
          },
        ],
      }
    }
  >
    <View
      accessibilityRole="button"
      accessible={true}
      isTVSelectable={true}
      onResponderGrant={[Function]}
      onResponderMove={[Function]}
      onResponderRelease={[Function]}
      onResponderTerminate={[Function]}
      onResponderTerminationRequest={[Function]}
      onStartShouldSetResponder={[Function]}
      style={
        Array [
          Object {
            "overflow": "hidden",
          },
          Object {
            "borderRadius": 28,
          },
        ]
      }
    >
      <View
        pointerEvents="none"
        style={
          Array [
            Object {
              "alignItems": "center",
              "flexDirection": "row",
              "justifyContent": "center",
            },
            Object {
              "height": 56,
              "width": 56,
            },
          ]
        }
      >
        <View
          style={
            Array [
              Object {
                "alignItems": "center",
                "justifyContent": "center",
              },
              Object {
                "height": 24,
                "width": 24,
              },
            ]
          }
        >
          <View
            style={
              Object {
                "bottom": 0,
                "left": 0,
                "opacity": 1,
                "position": "absolute",
                "right": 0,
                "top": 0,
                "transform": Array [
                  Object {
                    "rotate": "0deg",
                  },
                ],
              }
            }
          >
            <Text />
          </View>
        </View>
      </View>
    </View>
  </View>
  <View
    accessibilityRole="button"
    accessible={true}
    hitSlop={
      Object {
        "bottom": 6,
        "left": 6,
        "right": 6,
        "top": 6,
      }
    }
    isTVSelectable={true}
    onResponderGrant={[Function]}
    onResponderMove={[Function]}
    onResponderRelease={[Function]}
    onResponderTerminate={[Function]}
    onResponderTerminationRequest={[Function]}
    onStartShouldSetResponder={[Function]}
    style={
      Array [
        Object {
          "overflow": "hidden",
        },
        Array [
          Object {
            "alignItems": "center",
            "borderRadius": 18,
            "height": 36,
            "justifyContent": "center",
            "margin": 6,
            "overflow": "visible",
            "width": 36,
          },
          undefined,
          Object {
            "left": 0,
            "margin": 16,
            "position": "absolute",
            "top": 0,
          },
        ],
      ]
    }
  >
    <View
      style={null}
    >
      <Text />
    </View>
  </View>
</View>
`;
